2026-02-04 18:49:13,941 - NEXUS_AI - INFO - ================================================================================
2026-02-04 18:49:13,941 - NEXUS_AI - INFO - NEXUS AI SYSTEM STARTED
2026-02-04 18:49:13,941 - NEXUS_AI - INFO - ================================================================================
2026-02-04 18:49:13,941 - NEXUS_AI - INFO - Initializing NEXUS AI agents...
2026-02-04 18:49:13,941 - planner - INFO - Agent planner initialized with role: Strategic planner and task breakdown specialist
2026-02-04 18:49:13,942 - researcher - INFO - Agent researcher initialized with role: Information gathering and research specialist
2026-02-04 18:49:13,942 - coder - INFO - Agent coder initialized with role: Software development and code generation specialist
2026-02-04 18:49:13,942 - analyst - INFO - Agent analyst initialized with role: Data analysis and business intelligence specialist
2026-02-04 18:49:13,942 - critic - INFO - Agent critic initialized with role: Quality reviewer and constructive feedback provider
2026-02-04 18:49:13,942 - optimizer - INFO - Agent optimizer initialized with role: Solution optimization and improvement specialist
2026-02-04 18:49:13,942 - validator - INFO - Agent validator initialized with role: Quality validation and standards compliance checker
2026-02-04 18:49:13,942 - reporter - INFO - Agent reporter initialized with role: Report generation and documentation specialist
2026-02-04 18:49:13,942 - orchestrator - INFO - Agent orchestrator initialized with role: Master coordinator and task delegator
2026-02-04 18:49:13,943 - orchestrator - INFO - Orchestrator ready with 8 agents
2026-02-04 18:49:13,943 - NEXUS_AI - INFO - ✓ All 9 agents initialized successfully
2026-02-04 18:49:29,078 - NEXUS_AI - INFO - 
================================================================================
2026-02-04 18:49:29,079 - NEXUS_AI - INFO - NEW TASK RECEIVED
2026-02-04 18:49:29,079 - NEXUS_AI - INFO - ================================================================================
2026-02-04 18:49:29,079 - NEXUS_AI - INFO - Task: Plan a startup in AI for healthcare

2026-02-04 18:49:29,079 - orchestrator - INFO - === ORCHESTRATOR STARTING TASK ===
2026-02-04 18:49:29,079 - orchestrator - INFO - Task: Plan a startup in AI for healthcare
2026-02-04 18:49:29,079 - orchestrator - INFO - Memory added: task_started
2026-02-04 18:49:29,080 - orchestrator - INFO - Creating plan for task: Plan a startup in AI for healthcare...
2026-02-04 18:49:29,080 - orchestrator - INFO - Plan created with 5 steps
2026-02-04 18:49:29,080 - orchestrator - INFO - Workflow: planner -> critic -> optimizer -> validator -> reporter
2026-02-04 18:49:29,080 - orchestrator - INFO - 
--- Step 1: planner ---
2026-02-04 18:49:29,080 - planner - INFO - Planning task: Create detailed plan for: Plan a startup in AI for healthcare

Context: {'original_task': 'Plan a st...
2026-02-04 18:49:29,081 - planner - INFO - Plan created: 6 steps, complexity: medium
2026-02-04 18:49:29,081 - planner - INFO - Memory added: plan_created
2026-02-04 18:49:29,082 - orchestrator - INFO - Step 1 completed successfully
2026-02-04 18:49:29,082 - orchestrator - INFO - 
--- Step 2: critic ---
2026-02-04 18:49:29,082 - critic - INFO - Reviewing work...
2026-02-04 18:49:29,083 - critic - INFO - Review completed: Quality=good, Avg Score=7.6/10
2026-02-04 18:49:29,083 - critic - INFO - Memory added: review_completed
2026-02-04 18:49:29,083 - orchestrator - INFO - Step 2 completed successfully
2026-02-04 18:49:29,084 - orchestrator - INFO - 
--- Step 3: optimizer ---
2026-02-04 18:49:29,084 - optimizer - INFO - Optimizing solution...
2026-02-04 18:49:29,084 - optimizer - INFO - Optimization completed: 5 improvements identified
2026-02-04 18:49:29,085 - optimizer - INFO - Memory added: optimization_completed
2026-02-04 18:49:29,085 - orchestrator - INFO - Step 3 completed successfully
2026-02-04 18:49:29,085 - orchestrator - INFO - 
--- Step 4: validator ---
2026-02-04 18:49:29,085 - validator - INFO - Validating solution...
2026-02-04 18:49:29,086 - validator - INFO - Validation completed: 6/7 checks passed, Status: approved_with_conditions
2026-02-04 18:49:29,086 - validator - INFO - Memory added: validation_completed
2026-02-04 18:49:29,086 - orchestrator - INFO - Step 4 completed successfully
2026-02-04 18:49:29,086 - orchestrator - INFO - 
--- Step 5: reporter ---
2026-02-04 18:49:29,086 - reporter - INFO - Generating final report...
2026-02-04 18:49:29,086 - reporter - INFO - Report generated with 10 sections
2026-02-04 18:49:29,087 - reporter - INFO - Memory added: report_generated
2026-02-04 18:49:29,087 - orchestrator - INFO - Step 5 completed successfully
2026-02-04 18:49:29,087 - orchestrator - INFO - Memory added: task_completed
2026-02-04 18:49:29,087 - orchestrator - INFO - === TASK COMPLETED ===
2026-02-04 18:49:29,087 - NEXUS_AI - INFO - 
================================================================================
2026-02-04 18:49:29,087 - NEXUS_AI - INFO - TASK COMPLETED SUCCESSFULLY
2026-02-04 18:49:29,087 - NEXUS_AI - INFO - Execution time: 0.01 seconds
2026-02-04 18:49:29,087 - NEXUS_AI - INFO - ================================================================================

2026-02-04 18:49:29,090 - NEXUS_AI - INFO - Results saved to: /Users/vanshika/Desktop/Hestabit/Launchpad/week9-AgenticAI/NEXUS_AI/logs/nexus_result_20260204_184929.json
2026-02-04 19:03:56,817 - NEXUS_AI - INFO - ================================================================================
2026-02-04 19:03:56,817 - NEXUS_AI - INFO - NEXUS AI SYSTEM STARTED
2026-02-04 19:03:56,817 - NEXUS_AI - INFO - ================================================================================
2026-02-04 19:03:56,817 - NEXUS_AI - INFO - Initializing NEXUS AI agents...
2026-02-04 19:03:56,817 - planner - INFO - Agent planner initialized with role: Strategic planner and task breakdown specialist
2026-02-04 19:03:56,817 - researcher - INFO - Agent researcher initialized with role: Information gathering and research specialist
2026-02-04 19:03:56,817 - coder - INFO - Agent coder initialized with role: Software development and code generation specialist
2026-02-04 19:03:56,818 - analyst - INFO - Agent analyst initialized with role: Data analysis and business intelligence specialist
2026-02-04 19:03:56,818 - critic - INFO - Agent critic initialized with role: Quality reviewer and constructive feedback provider
2026-02-04 19:03:56,818 - optimizer - INFO - Agent optimizer initialized with role: Solution optimization and improvement specialist
2026-02-04 19:03:56,818 - validator - INFO - Agent validator initialized with role: Quality validation and standards compliance checker
2026-02-04 19:03:56,819 - reporter - INFO - Agent reporter initialized with role: Report generation and documentation specialist
2026-02-04 19:03:56,819 - orchestrator - INFO - Agent orchestrator initialized with role: Master coordinator and task delegator
2026-02-04 19:03:56,819 - orchestrator - INFO - Orchestrator ready with 8 agents
2026-02-04 19:03:56,819 - NEXUS_AI - INFO - ✓ All 9 agents initialized successfully
2026-02-04 19:04:07,678 - NEXUS_AI - INFO - ================================================================================
2026-02-04 19:04:07,678 - NEXUS_AI - INFO - NEXUS AI SYSTEM STARTED
2026-02-04 19:04:07,678 - NEXUS_AI - INFO - ================================================================================
2026-02-04 19:04:07,678 - NEXUS_AI - INFO - Initializing NEXUS AI agents...
2026-02-04 19:04:07,679 - planner - INFO - Agent planner initialized with role: Strategic planner and task breakdown specialist
2026-02-04 19:04:07,679 - researcher - INFO - Agent researcher initialized with role: Information gathering and research specialist
2026-02-04 19:04:07,680 - coder - INFO - Agent coder initialized with role: Software development and code generation specialist
2026-02-04 19:04:07,680 - analyst - INFO - Agent analyst initialized with role: Data analysis and business intelligence specialist
2026-02-04 19:04:07,681 - critic - INFO - Agent critic initialized with role: Quality reviewer and constructive feedback provider
2026-02-04 19:04:07,681 - optimizer - INFO - Agent optimizer initialized with role: Solution optimization and improvement specialist
2026-02-04 19:04:07,682 - validator - INFO - Agent validator initialized with role: Quality validation and standards compliance checker
2026-02-04 19:04:07,682 - reporter - INFO - Agent reporter initialized with role: Report generation and documentation specialist
2026-02-04 19:04:07,683 - orchestrator - INFO - Agent orchestrator initialized with role: Master coordinator and task delegator
2026-02-04 19:04:07,683 - orchestrator - INFO - Orchestrator ready with 8 agents
2026-02-04 19:04:07,683 - NEXUS_AI - INFO - ✓ All 9 agents initialized successfully
2026-02-04 19:04:08,837 - NEXUS_AI - INFO - ================================================================================
2026-02-04 19:04:08,837 - NEXUS_AI - INFO - NEXUS AI SYSTEM STARTED
2026-02-04 19:04:08,837 - NEXUS_AI - INFO - ================================================================================
2026-02-04 19:04:08,837 - NEXUS_AI - INFO - Initializing NEXUS AI agents...
2026-02-04 19:04:08,838 - planner - INFO - Agent planner initialized with role: Strategic planner and task breakdown specialist
2026-02-04 19:04:08,838 - researcher - INFO - Agent researcher initialized with role: Information gathering and research specialist
2026-02-04 19:04:08,838 - coder - INFO - Agent coder initialized with role: Software development and code generation specialist
2026-02-04 19:04:08,839 - analyst - INFO - Agent analyst initialized with role: Data analysis and business intelligence specialist
2026-02-04 19:04:08,839 - critic - INFO - Agent critic initialized with role: Quality reviewer and constructive feedback provider
2026-02-04 19:04:08,839 - optimizer - INFO - Agent optimizer initialized with role: Solution optimization and improvement specialist
2026-02-04 19:04:08,840 - validator - INFO - Agent validator initialized with role: Quality validation and standards compliance checker
2026-02-04 19:04:08,841 - reporter - INFO - Agent reporter initialized with role: Report generation and documentation specialist
2026-02-04 19:04:08,841 - orchestrator - INFO - Agent orchestrator initialized with role: Master coordinator and task delegator
2026-02-04 19:04:08,841 - orchestrator - INFO - Orchestrator ready with 8 agents
2026-02-04 19:04:08,842 - NEXUS_AI - INFO - ✓ All 9 agents initialized successfully
2026-02-04 19:04:08,844 - NEXUS_AI - INFO - 
================================================================================
2026-02-04 19:04:08,845 - NEXUS_AI - INFO - NEW TASK RECEIVED
2026-02-04 19:04:08,845 - NEXUS_AI - INFO - ================================================================================
2026-02-04 19:04:08,845 - NEXUS_AI - INFO - Task: Plan a startup in AI for healthcare

2026-02-04 19:04:08,845 - orchestrator - INFO - === ORCHESTRATOR STARTING TASK ===
2026-02-04 19:04:08,845 - orchestrator - INFO - Task: Plan a startup in AI for healthcare
2026-02-04 19:04:08,845 - orchestrator - INFO - Memory added: task_started
2026-02-04 19:04:08,845 - orchestrator - INFO - Creating plan for task: Plan a startup in AI for healthcare...
2026-02-04 19:04:08,846 - orchestrator - INFO - Plan created with 5 steps
2026-02-04 19:04:08,846 - orchestrator - INFO - Workflow: planner -> critic -> optimizer -> validator -> reporter
2026-02-04 19:04:08,846 - orchestrator - INFO - 
--- Step 1: planner ---
2026-02-04 19:04:08,846 - planner - INFO - Planning task: Create detailed plan for: Plan a startup in AI for healthcare

Context: {'original_task': 'Plan a st...
2026-02-04 19:04:08,846 - planner - INFO - Plan created: 6 steps, complexity: medium
2026-02-04 19:04:08,846 - planner - INFO - Memory added: plan_created
2026-02-04 19:04:08,846 - orchestrator - INFO - Step 1 completed successfully
2026-02-04 19:04:08,846 - orchestrator - INFO - 
--- Step 2: critic ---
2026-02-04 19:04:08,847 - critic - INFO - Reviewing work...
2026-02-04 19:04:08,847 - critic - INFO - Review completed: Quality=good, Avg Score=7.6/10
2026-02-04 19:04:08,847 - critic - INFO - Memory added: review_completed
2026-02-04 19:04:08,847 - orchestrator - INFO - Step 2 completed successfully
2026-02-04 19:04:08,847 - orchestrator - INFO - 
--- Step 3: optimizer ---
2026-02-04 19:04:08,848 - optimizer - INFO - Optimizing solution...
2026-02-04 19:04:08,848 - optimizer - INFO - Optimization completed: 5 improvements identified
2026-02-04 19:04:08,848 - optimizer - INFO - Memory added: optimization_completed
2026-02-04 19:04:08,849 - orchestrator - INFO - Step 3 completed successfully
2026-02-04 19:04:08,849 - orchestrator - INFO - 
--- Step 4: validator ---
2026-02-04 19:04:08,849 - validator - INFO - Validating solution...
2026-02-04 19:04:08,850 - validator - INFO - Validation completed: 6/7 checks passed, Status: approved_with_conditions
2026-02-04 19:04:08,851 - validator - INFO - Memory added: validation_completed
2026-02-04 19:04:08,851 - orchestrator - INFO - Step 4 completed successfully
2026-02-04 19:04:08,851 - orchestrator - INFO - 
--- Step 5: reporter ---
2026-02-04 19:04:08,852 - reporter - INFO - Generating final report...
2026-02-04 19:04:08,852 - reporter - INFO - Report generated with 10 sections
2026-02-04 19:04:08,853 - reporter - INFO - Memory added: report_generated
2026-02-04 19:04:08,854 - orchestrator - INFO - Step 5 completed successfully
2026-02-04 19:04:08,854 - orchestrator - INFO - Memory added: task_completed
2026-02-04 19:04:08,854 - orchestrator - INFO - === TASK COMPLETED ===
2026-02-04 19:04:08,855 - NEXUS_AI - INFO - 
================================================================================
2026-02-04 19:04:08,855 - NEXUS_AI - INFO - TASK COMPLETED SUCCESSFULLY
2026-02-04 19:04:08,855 - NEXUS_AI - INFO - Execution time: 0.01 seconds
2026-02-04 19:04:08,855 - NEXUS_AI - INFO - ================================================================================

2026-02-04 19:04:08,857 - NEXUS_AI - INFO - Results saved to: /Users/vanshika/Desktop/Hestabit/Launchpad/week9-AgenticAI/NEXUS_AI/logs/nexus_result_20260204_190408.json
2026-02-04 19:04:12,840 - NEXUS_AI - INFO - ================================================================================
2026-02-04 19:04:12,841 - NEXUS_AI - INFO - NEXUS AI SYSTEM STARTED
2026-02-04 19:04:12,841 - NEXUS_AI - INFO - ================================================================================
2026-02-04 19:04:12,841 - NEXUS_AI - INFO - Initializing NEXUS AI agents...
2026-02-04 19:04:12,841 - planner - INFO - Agent planner initialized with role: Strategic planner and task breakdown specialist
2026-02-04 19:04:12,842 - researcher - INFO - Agent researcher initialized with role: Information gathering and research specialist
2026-02-04 19:04:12,842 - coder - INFO - Agent coder initialized with role: Software development and code generation specialist
2026-02-04 19:04:12,843 - analyst - INFO - Agent analyst initialized with role: Data analysis and business intelligence specialist
2026-02-04 19:04:12,843 - critic - INFO - Agent critic initialized with role: Quality reviewer and constructive feedback provider
2026-02-04 19:04:12,844 - optimizer - INFO - Agent optimizer initialized with role: Solution optimization and improvement specialist
2026-02-04 19:04:12,844 - validator - INFO - Agent validator initialized with role: Quality validation and standards compliance checker
2026-02-04 19:04:12,845 - reporter - INFO - Agent reporter initialized with role: Report generation and documentation specialist
2026-02-04 19:04:12,845 - orchestrator - INFO - Agent orchestrator initialized with role: Master coordinator and task delegator
2026-02-04 19:04:12,845 - orchestrator - INFO - Orchestrator ready with 8 agents
2026-02-04 19:04:12,846 - NEXUS_AI - INFO - ✓ All 9 agents initialized successfully
2026-02-04 19:04:15,236 - NEXUS_AI - INFO - ================================================================================
2026-02-04 19:04:15,236 - NEXUS_AI - INFO - NEXUS AI SYSTEM STARTED
2026-02-04 19:04:15,236 - NEXUS_AI - INFO - ================================================================================
2026-02-04 19:04:15,237 - NEXUS_AI - INFO - Initializing NEXUS AI agents...
2026-02-04 19:04:15,237 - planner - INFO - Agent planner initialized with role: Strategic planner and task breakdown specialist
2026-02-04 19:04:15,237 - researcher - INFO - Agent researcher initialized with role: Information gathering and research specialist
2026-02-04 19:04:15,238 - coder - INFO - Agent coder initialized with role: Software development and code generation specialist
2026-02-04 19:04:15,238 - analyst - INFO - Agent analyst initialized with role: Data analysis and business intelligence specialist
2026-02-04 19:04:15,239 - critic - INFO - Agent critic initialized with role: Quality reviewer and constructive feedback provider
2026-02-04 19:04:15,239 - optimizer - INFO - Agent optimizer initialized with role: Solution optimization and improvement specialist
2026-02-04 19:04:15,240 - validator - INFO - Agent validator initialized with role: Quality validation and standards compliance checker
2026-02-04 19:04:15,240 - reporter - INFO - Agent reporter initialized with role: Report generation and documentation specialist
2026-02-04 19:04:15,240 - orchestrator - INFO - Agent orchestrator initialized with role: Master coordinator and task delegator
2026-02-04 19:04:15,241 - orchestrator - INFO - Orchestrator ready with 8 agents
2026-02-04 19:04:15,241 - NEXUS_AI - INFO - ✓ All 9 agents initialized successfully
2026-02-04 19:04:15,246 - NEXUS_AI - INFO - 
================================================================================
2026-02-04 19:04:15,246 - NEXUS_AI - INFO - NEW TASK RECEIVED
2026-02-04 19:04:15,246 - NEXUS_AI - INFO - ================================================================================
2026-02-04 19:04:15,247 - NEXUS_AI - INFO - Task: Plan a startup in AI for healthcare

2026-02-04 19:04:15,247 - orchestrator - INFO - === ORCHESTRATOR STARTING TASK ===
2026-02-04 19:04:15,248 - orchestrator - INFO - Task: Plan a startup in AI for healthcare
2026-02-04 19:04:15,249 - orchestrator - INFO - Memory added: task_started
2026-02-04 19:04:15,250 - orchestrator - INFO - Creating plan for task: Plan a startup in AI for healthcare...
2026-02-04 19:04:15,251 - orchestrator - INFO - Plan created with 5 steps
2026-02-04 19:04:15,252 - orchestrator - INFO - Workflow: planner -> critic -> optimizer -> validator -> reporter
2026-02-04 19:04:15,252 - orchestrator - INFO - 
--- Step 1: planner ---
2026-02-04 19:04:15,253 - planner - INFO - Planning task: Create detailed plan for: Plan a startup in AI for healthcare

Context: {'original_task': 'Plan a st...
2026-02-04 19:04:15,253 - planner - INFO - Plan created: 6 steps, complexity: medium
2026-02-04 19:04:15,253 - planner - INFO - Memory added: plan_created
2026-02-04 19:04:15,253 - orchestrator - INFO - Step 1 completed successfully
2026-02-04 19:04:15,254 - orchestrator - INFO - 
--- Step 2: critic ---
2026-02-04 19:04:15,254 - critic - INFO - Reviewing work...
2026-02-04 19:04:15,254 - critic - INFO - Review completed: Quality=good, Avg Score=7.6/10
2026-02-04 19:04:15,254 - critic - INFO - Memory added: review_completed
2026-02-04 19:04:15,254 - orchestrator - INFO - Step 2 completed successfully
2026-02-04 19:04:15,255 - orchestrator - INFO - 
--- Step 3: optimizer ---
2026-02-04 19:04:15,255 - optimizer - INFO - Optimizing solution...
2026-02-04 19:04:15,255 - optimizer - INFO - Optimization completed: 5 improvements identified
2026-02-04 19:04:15,255 - optimizer - INFO - Memory added: optimization_completed
2026-02-04 19:04:15,255 - orchestrator - INFO - Step 3 completed successfully
2026-02-04 19:04:15,256 - orchestrator - INFO - 
--- Step 4: validator ---
2026-02-04 19:04:15,256 - validator - INFO - Validating solution...
2026-02-04 19:04:15,256 - validator - INFO - Validation completed: 6/7 checks passed, Status: approved_with_conditions
2026-02-04 19:04:15,256 - validator - INFO - Memory added: validation_completed
2026-02-04 19:04:15,256 - orchestrator - INFO - Step 4 completed successfully
2026-02-04 19:04:15,256 - orchestrator - INFO - 
--- Step 5: reporter ---
2026-02-04 19:04:15,257 - reporter - INFO - Generating final report...
2026-02-04 19:04:15,257 - reporter - INFO - Report generated with 10 sections
2026-02-04 19:04:15,257 - reporter - INFO - Memory added: report_generated
2026-02-04 19:04:15,257 - orchestrator - INFO - Step 5 completed successfully
2026-02-04 19:04:15,258 - orchestrator - INFO - Memory added: task_completed
2026-02-04 19:04:15,258 - orchestrator - INFO - === TASK COMPLETED ===
2026-02-04 19:04:15,258 - NEXUS_AI - INFO - 
================================================================================
2026-02-04 19:04:15,258 - NEXUS_AI - INFO - TASK COMPLETED SUCCESSFULLY
2026-02-04 19:04:15,258 - NEXUS_AI - INFO - Execution time: 0.01 seconds
2026-02-04 19:04:15,258 - NEXUS_AI - INFO - ================================================================================

2026-02-04 19:04:15,260 - NEXUS_AI - INFO - Results saved to: /Users/vanshika/Desktop/Hestabit/Launchpad/week9-AgenticAI/NEXUS_AI/logs/nexus_result_20260204_190415.json
2026-02-04 19:04:16,689 - NEXUS_AI - INFO - ================================================================================
2026-02-04 19:04:16,690 - NEXUS_AI - INFO - NEXUS AI SYSTEM STARTED
2026-02-04 19:04:16,690 - NEXUS_AI - INFO - ================================================================================
2026-02-04 19:04:16,690 - NEXUS_AI - INFO - Initializing NEXUS AI agents...
2026-02-04 19:04:16,691 - planner - INFO - Agent planner initialized with role: Strategic planner and task breakdown specialist
2026-02-04 19:04:16,692 - researcher - INFO - Agent researcher initialized with role: Information gathering and research specialist
2026-02-04 19:04:16,693 - coder - INFO - Agent coder initialized with role: Software development and code generation specialist
2026-02-04 19:04:16,693 - analyst - INFO - Agent analyst initialized with role: Data analysis and business intelligence specialist
2026-02-04 19:04:16,694 - critic - INFO - Agent critic initialized with role: Quality reviewer and constructive feedback provider
2026-02-04 19:04:16,695 - optimizer - INFO - Agent optimizer initialized with role: Solution optimization and improvement specialist
2026-02-04 19:04:16,696 - validator - INFO - Agent validator initialized with role: Quality validation and standards compliance checker
2026-02-04 19:04:16,696 - reporter - INFO - Agent reporter initialized with role: Report generation and documentation specialist
2026-02-04 19:04:16,697 - orchestrator - INFO - Agent orchestrator initialized with role: Master coordinator and task delegator
2026-02-04 19:04:16,697 - orchestrator - INFO - Orchestrator ready with 8 agents
2026-02-04 19:04:16,697 - NEXUS_AI - INFO - ✓ All 9 agents initialized successfully
2026-02-04 19:04:20,286 - NEXUS_AI - INFO - ================================================================================
2026-02-04 19:04:20,287 - NEXUS_AI - INFO - NEXUS AI SYSTEM STARTED
2026-02-04 19:04:20,287 - NEXUS_AI - INFO - ================================================================================
2026-02-04 19:04:20,287 - NEXUS_AI - INFO - Initializing NEXUS AI agents...
2026-02-04 19:04:20,287 - planner - INFO - Agent planner initialized with role: Strategic planner and task breakdown specialist
2026-02-04 19:04:20,289 - researcher - INFO - Agent researcher initialized with role: Information gathering and research specialist
2026-02-04 19:04:20,290 - coder - INFO - Agent coder initialized with role: Software development and code generation specialist
2026-02-04 19:04:20,291 - analyst - INFO - Agent analyst initialized with role: Data analysis and business intelligence specialist
2026-02-04 19:04:20,291 - critic - INFO - Agent critic initialized with role: Quality reviewer and constructive feedback provider
2026-02-04 19:04:20,292 - optimizer - INFO - Agent optimizer initialized with role: Solution optimization and improvement specialist
2026-02-04 19:04:20,293 - validator - INFO - Agent validator initialized with role: Quality validation and standards compliance checker
2026-02-04 19:04:20,294 - reporter - INFO - Agent reporter initialized with role: Report generation and documentation specialist
2026-02-04 19:04:20,294 - orchestrator - INFO - Agent orchestrator initialized with role: Master coordinator and task delegator
2026-02-04 19:04:20,295 - orchestrator - INFO - Orchestrator ready with 8 agents
2026-02-04 19:04:20,295 - NEXUS_AI - INFO - ✓ All 9 agents initialized successfully
2026-02-04 19:04:20,298 - NEXUS_AI - INFO - 
================================================================================
2026-02-04 19:04:20,298 - NEXUS_AI - INFO - NEW TASK RECEIVED
2026-02-04 19:04:20,298 - NEXUS_AI - INFO - ================================================================================
2026-02-04 19:04:20,298 - NEXUS_AI - INFO - Task: Plan a startup in AI for healthcare

2026-02-04 19:04:20,298 - orchestrator - INFO - === ORCHESTRATOR STARTING TASK ===
2026-02-04 19:04:20,301 - orchestrator - INFO - Task: Plan a startup in AI for healthcare
2026-02-04 19:04:20,301 - orchestrator - INFO - Memory added: task_started
2026-02-04 19:04:20,302 - orchestrator - INFO - Creating plan for task: Plan a startup in AI for healthcare...
2026-02-04 19:04:20,302 - orchestrator - INFO - Plan created with 5 steps
2026-02-04 19:04:20,302 - orchestrator - INFO - Workflow: planner -> critic -> optimizer -> validator -> reporter
2026-02-04 19:04:20,303 - orchestrator - INFO - 
--- Step 1: planner ---
2026-02-04 19:04:20,303 - planner - INFO - Planning task: Create detailed plan for: Plan a startup in AI for healthcare

Context: {'original_task': 'Plan a st...
2026-02-04 19:04:20,303 - planner - INFO - Plan created: 6 steps, complexity: medium
2026-02-04 19:04:20,304 - planner - INFO - Memory added: plan_created
2026-02-04 19:04:20,304 - orchestrator - INFO - Step 1 completed successfully
2026-02-04 19:04:20,304 - orchestrator - INFO - 
--- Step 2: critic ---
2026-02-04 19:04:20,304 - critic - INFO - Reviewing work...
2026-02-04 19:04:20,305 - critic - INFO - Review completed: Quality=good, Avg Score=7.6/10
2026-02-04 19:04:20,305 - critic - INFO - Memory added: review_completed
2026-02-04 19:04:20,305 - orchestrator - INFO - Step 2 completed successfully
2026-02-04 19:04:20,305 - orchestrator - INFO - 
--- Step 3: optimizer ---
2026-02-04 19:04:20,306 - optimizer - INFO - Optimizing solution...
2026-02-04 19:04:20,306 - optimizer - INFO - Optimization completed: 5 improvements identified
2026-02-04 19:04:20,306 - optimizer - INFO - Memory added: optimization_completed
2026-02-04 19:04:20,306 - orchestrator - INFO - Step 3 completed successfully
2026-02-04 19:04:20,307 - orchestrator - INFO - 
--- Step 4: validator ---
2026-02-04 19:04:20,307 - validator - INFO - Validating solution...
2026-02-04 19:04:20,307 - validator - INFO - Validation completed: 6/7 checks passed, Status: approved_with_conditions
2026-02-04 19:04:20,307 - validator - INFO - Memory added: validation_completed
2026-02-04 19:04:20,308 - orchestrator - INFO - Step 4 completed successfully
2026-02-04 19:04:20,308 - orchestrator - INFO - 
--- Step 5: reporter ---
2026-02-04 19:04:20,308 - reporter - INFO - Generating final report...
2026-02-04 19:04:20,308 - reporter - INFO - Report generated with 10 sections
2026-02-04 19:04:20,309 - reporter - INFO - Memory added: report_generated
2026-02-04 19:04:20,309 - orchestrator - INFO - Step 5 completed successfully
2026-02-04 19:04:20,309 - orchestrator - INFO - Memory added: task_completed
2026-02-04 19:04:20,309 - orchestrator - INFO - === TASK COMPLETED ===
2026-02-04 19:04:20,310 - NEXUS_AI - INFO - 
================================================================================
2026-02-04 19:04:20,310 - NEXUS_AI - INFO - TASK COMPLETED SUCCESSFULLY
2026-02-04 19:04:20,310 - NEXUS_AI - INFO - Execution time: 0.01 seconds
2026-02-04 19:04:20,310 - NEXUS_AI - INFO - ================================================================================

2026-02-04 19:04:20,312 - NEXUS_AI - INFO - Results saved to: /Users/vanshika/Desktop/Hestabit/Launchpad/week9-AgenticAI/NEXUS_AI/logs/nexus_result_20260204_190420.json
2026-02-04 19:04:25,122 - NEXUS_AI - INFO - ================================================================================
2026-02-04 19:04:25,122 - NEXUS_AI - INFO - NEXUS AI SYSTEM STARTED
2026-02-04 19:04:25,122 - NEXUS_AI - INFO - ================================================================================
2026-02-04 19:04:25,122 - NEXUS_AI - INFO - Initializing NEXUS AI agents...
2026-02-04 19:04:25,123 - planner - INFO - Agent planner initialized with role: Strategic planner and task breakdown specialist
2026-02-04 19:04:25,124 - researcher - INFO - Agent researcher initialized with role: Information gathering and research specialist
2026-02-04 19:04:25,124 - coder - INFO - Agent coder initialized with role: Software development and code generation specialist
2026-02-04 19:04:25,125 - analyst - INFO - Agent analyst initialized with role: Data analysis and business intelligence specialist
2026-02-04 19:04:25,126 - critic - INFO - Agent critic initialized with role: Quality reviewer and constructive feedback provider
2026-02-04 19:04:25,126 - optimizer - INFO - Agent optimizer initialized with role: Solution optimization and improvement specialist
2026-02-04 19:04:25,128 - validator - INFO - Agent validator initialized with role: Quality validation and standards compliance checker
2026-02-04 19:04:25,129 - reporter - INFO - Agent reporter initialized with role: Report generation and documentation specialist
2026-02-04 19:04:25,130 - orchestrator - INFO - Agent orchestrator initialized with role: Master coordinator and task delegator
2026-02-04 19:04:25,130 - orchestrator - INFO - Orchestrator ready with 8 agents
2026-02-04 19:04:25,131 - NEXUS_AI - INFO - ✓ All 9 agents initialized successfully
2026-02-04 19:05:00,059 - NEXUS_AI - INFO - ================================================================================
2026-02-04 19:05:00,061 - NEXUS_AI - INFO - NEXUS AI SYSTEM STARTED
2026-02-04 19:05:00,062 - NEXUS_AI - INFO - ================================================================================
2026-02-04 19:05:00,062 - NEXUS_AI - INFO - Initializing NEXUS AI agents...
2026-02-04 19:05:00,063 - planner - INFO - Agent planner initialized with role: Strategic planner and task breakdown specialist
2026-02-04 19:05:00,064 - researcher - INFO - Agent researcher initialized with role: Information gathering and research specialist
2026-02-04 19:05:00,065 - coder - INFO - Agent coder initialized with role: Software development and code generation specialist
2026-02-04 19:05:00,066 - analyst - INFO - Agent analyst initialized with role: Data analysis and business intelligence specialist
2026-02-04 19:05:00,068 - critic - INFO - Agent critic initialized with role: Quality reviewer and constructive feedback provider
2026-02-04 19:05:00,069 - optimizer - INFO - Agent optimizer initialized with role: Solution optimization and improvement specialist
2026-02-04 19:05:00,071 - validator - INFO - Agent validator initialized with role: Quality validation and standards compliance checker
2026-02-04 19:05:00,073 - reporter - INFO - Agent reporter initialized with role: Report generation and documentation specialist
2026-02-04 19:05:00,074 - orchestrator - INFO - Agent orchestrator initialized with role: Master coordinator and task delegator
2026-02-04 19:05:00,075 - orchestrator - INFO - Orchestrator ready with 8 agents
2026-02-04 19:05:00,075 - NEXUS_AI - INFO - ✓ All 9 agents initialized successfully
2026-02-04 19:05:00,079 - NEXUS_AI - INFO - 
================================================================================
2026-02-04 19:05:00,079 - NEXUS_AI - INFO - NEW TASK RECEIVED
2026-02-04 19:05:00,079 - NEXUS_AI - INFO - ================================================================================
2026-02-04 19:05:00,080 - NEXUS_AI - INFO - Task: Plan a startup in AI for healthcare

2026-02-04 19:05:00,080 - orchestrator - INFO - === ORCHESTRATOR STARTING TASK ===
2026-02-04 19:05:00,081 - orchestrator - INFO - Task: Plan a startup in AI for healthcare
2026-02-04 19:05:00,081 - orchestrator - INFO - Memory added: task_started
2026-02-04 19:05:00,081 - orchestrator - INFO - Creating plan for task: Plan a startup in AI for healthcare...
2026-02-04 19:05:00,082 - orchestrator - INFO - Plan created with 5 steps
2026-02-04 19:05:00,082 - orchestrator - INFO - Workflow: planner -> critic -> optimizer -> validator -> reporter
2026-02-04 19:05:00,083 - orchestrator - INFO - 
--- Step 1: planner ---
2026-02-04 19:05:00,083 - planner - INFO - Planning task: Create detailed plan for: Plan a startup in AI for healthcare

Context: {'original_task': 'Plan a st...
2026-02-04 19:05:00,084 - planner - INFO - Plan created: 6 steps, complexity: medium
2026-02-04 19:05:00,085 - planner - INFO - Memory added: plan_created
2026-02-04 19:05:00,085 - orchestrator - INFO - Step 1 completed successfully
2026-02-04 19:05:00,086 - orchestrator - INFO - 
--- Step 2: critic ---
2026-02-04 19:05:00,086 - critic - INFO - Reviewing work...
2026-02-04 19:05:00,086 - critic - INFO - Review completed: Quality=good, Avg Score=7.6/10
2026-02-04 19:05:00,087 - critic - INFO - Memory added: review_completed
2026-02-04 19:05:00,087 - orchestrator - INFO - Step 2 completed successfully
2026-02-04 19:05:00,088 - orchestrator - INFO - 
--- Step 3: optimizer ---
2026-02-04 19:05:00,089 - optimizer - INFO - Optimizing solution...
2026-02-04 19:05:00,089 - optimizer - INFO - Optimization completed: 5 improvements identified
2026-02-04 19:05:00,090 - optimizer - INFO - Memory added: optimization_completed
2026-02-04 19:05:00,090 - orchestrator - INFO - Step 3 completed successfully
2026-02-04 19:05:00,090 - orchestrator - INFO - 
--- Step 4: validator ---
2026-02-04 19:05:00,091 - validator - INFO - Validating solution...
2026-02-04 19:05:00,091 - validator - INFO - Validation completed: 6/7 checks passed, Status: approved_with_conditions
2026-02-04 19:05:00,091 - validator - INFO - Memory added: validation_completed
2026-02-04 19:05:00,091 - orchestrator - INFO - Step 4 completed successfully
2026-02-04 19:05:00,091 - orchestrator - INFO - 
--- Step 5: reporter ---
2026-02-04 19:05:00,092 - reporter - INFO - Generating final report...
2026-02-04 19:05:00,092 - reporter - INFO - Report generated with 10 sections
2026-02-04 19:05:00,092 - reporter - INFO - Memory added: report_generated
2026-02-04 19:05:00,093 - orchestrator - INFO - Step 5 completed successfully
2026-02-04 19:05:00,093 - orchestrator - INFO - Memory added: task_completed
2026-02-04 19:05:00,093 - orchestrator - INFO - === TASK COMPLETED ===
2026-02-04 19:05:00,093 - NEXUS_AI - INFO - 
================================================================================
2026-02-04 19:05:00,093 - NEXUS_AI - INFO - TASK COMPLETED SUCCESSFULLY
2026-02-04 19:05:00,093 - NEXUS_AI - INFO - Execution time: 0.01 seconds
2026-02-04 19:05:00,093 - NEXUS_AI - INFO - ================================================================================

2026-02-04 19:05:00,096 - NEXUS_AI - INFO - Results saved to: /Users/vanshika/Desktop/Hestabit/Launchpad/week9-AgenticAI/NEXUS_AI/logs/nexus_result_20260204_190500.json
2026-02-04 19:05:01,290 - NEXUS_AI - INFO - ================================================================================
2026-02-04 19:05:01,290 - NEXUS_AI - INFO - NEXUS AI SYSTEM STARTED
2026-02-04 19:05:01,290 - NEXUS_AI - INFO - ================================================================================
2026-02-04 19:05:01,290 - NEXUS_AI - INFO - Initializing NEXUS AI agents...
2026-02-04 19:05:01,291 - planner - INFO - Agent planner initialized with role: Strategic planner and task breakdown specialist
2026-02-04 19:05:01,291 - researcher - INFO - Agent researcher initialized with role: Information gathering and research specialist
2026-02-04 19:05:01,293 - coder - INFO - Agent coder initialized with role: Software development and code generation specialist
2026-02-04 19:05:01,293 - analyst - INFO - Agent analyst initialized with role: Data analysis and business intelligence specialist
2026-02-04 19:05:01,294 - critic - INFO - Agent critic initialized with role: Quality reviewer and constructive feedback provider
2026-02-04 19:05:01,295 - optimizer - INFO - Agent optimizer initialized with role: Solution optimization and improvement specialist
2026-02-04 19:05:01,295 - validator - INFO - Agent validator initialized with role: Quality validation and standards compliance checker
2026-02-04 19:05:01,296 - reporter - INFO - Agent reporter initialized with role: Report generation and documentation specialist
2026-02-04 19:05:01,298 - orchestrator - INFO - Agent orchestrator initialized with role: Master coordinator and task delegator
2026-02-04 19:05:01,298 - orchestrator - INFO - Orchestrator ready with 8 agents
2026-02-04 19:05:01,298 - NEXUS_AI - INFO - ✓ All 9 agents initialized successfully
2026-02-04 19:05:02,554 - NEXUS_AI - INFO - ================================================================================
2026-02-04 19:05:02,556 - NEXUS_AI - INFO - NEXUS AI SYSTEM STARTED
2026-02-04 19:05:02,557 - NEXUS_AI - INFO - ================================================================================
2026-02-04 19:05:02,557 - NEXUS_AI - INFO - Initializing NEXUS AI agents...
2026-02-04 19:05:02,558 - planner - INFO - Agent planner initialized with role: Strategic planner and task breakdown specialist
2026-02-04 19:05:02,559 - researcher - INFO - Agent researcher initialized with role: Information gathering and research specialist
2026-02-04 19:05:02,560 - coder - INFO - Agent coder initialized with role: Software development and code generation specialist
2026-02-04 19:05:02,561 - analyst - INFO - Agent analyst initialized with role: Data analysis and business intelligence specialist
2026-02-04 19:05:02,562 - critic - INFO - Agent critic initialized with role: Quality reviewer and constructive feedback provider
2026-02-04 19:05:02,562 - optimizer - INFO - Agent optimizer initialized with role: Solution optimization and improvement specialist
2026-02-04 19:05:02,564 - validator - INFO - Agent validator initialized with role: Quality validation and standards compliance checker
2026-02-04 19:05:02,564 - reporter - INFO - Agent reporter initialized with role: Report generation and documentation specialist
2026-02-04 19:05:02,565 - orchestrator - INFO - Agent orchestrator initialized with role: Master coordinator and task delegator
2026-02-04 19:05:02,566 - orchestrator - INFO - Orchestrator ready with 8 agents
2026-02-04 19:05:02,567 - NEXUS_AI - INFO - ✓ All 9 agents initialized successfully
2026-02-04 19:05:02,569 - NEXUS_AI - INFO - 
================================================================================
2026-02-04 19:05:02,569 - NEXUS_AI - INFO - NEW TASK RECEIVED
2026-02-04 19:05:02,569 - NEXUS_AI - INFO - ================================================================================
2026-02-04 19:05:02,569 - NEXUS_AI - INFO - Task: Plan a startup in AI for healthcare

2026-02-04 19:05:02,569 - orchestrator - INFO - === ORCHESTRATOR STARTING TASK ===
2026-02-04 19:05:02,569 - orchestrator - INFO - Task: Plan a startup in AI for healthcare
2026-02-04 19:05:02,570 - orchestrator - INFO - Memory added: task_started
2026-02-04 19:05:02,571 - orchestrator - INFO - Creating plan for task: Plan a startup in AI for healthcare...
2026-02-04 19:05:02,572 - orchestrator - INFO - Plan created with 5 steps
2026-02-04 19:05:02,573 - orchestrator - INFO - Workflow: planner -> critic -> optimizer -> validator -> reporter
2026-02-04 19:05:02,573 - orchestrator - INFO - 
--- Step 1: planner ---
2026-02-04 19:05:02,573 - planner - INFO - Planning task: Create detailed plan for: Plan a startup in AI for healthcare

Context: {'original_task': 'Plan a st...
2026-02-04 19:05:02,574 - planner - INFO - Plan created: 6 steps, complexity: medium
2026-02-04 19:05:02,574 - planner - INFO - Memory added: plan_created
2026-02-04 19:05:02,574 - orchestrator - INFO - Step 1 completed successfully
2026-02-04 19:05:02,575 - orchestrator - INFO - 
--- Step 2: critic ---
2026-02-04 19:05:02,576 - critic - INFO - Reviewing work...
2026-02-04 19:05:02,576 - critic - INFO - Review completed: Quality=good, Avg Score=7.6/10
2026-02-04 19:05:02,577 - critic - INFO - Memory added: review_completed
2026-02-04 19:05:02,577 - orchestrator - INFO - Step 2 completed successfully
2026-02-04 19:05:02,578 - orchestrator - INFO - 
--- Step 3: optimizer ---
2026-02-04 19:05:02,578 - optimizer - INFO - Optimizing solution...
2026-02-04 19:05:02,578 - optimizer - INFO - Optimization completed: 5 improvements identified
2026-02-04 19:05:02,579 - optimizer - INFO - Memory added: optimization_completed
2026-02-04 19:05:02,579 - orchestrator - INFO - Step 3 completed successfully
2026-02-04 19:05:02,579 - orchestrator - INFO - 
--- Step 4: validator ---
2026-02-04 19:05:02,580 - validator - INFO - Validating solution...
2026-02-04 19:05:02,580 - validator - INFO - Validation completed: 6/7 checks passed, Status: approved_with_conditions
2026-02-04 19:05:02,581 - validator - INFO - Memory added: validation_completed
2026-02-04 19:05:02,581 - orchestrator - INFO - Step 4 completed successfully
2026-02-04 19:05:02,581 - orchestrator - INFO - 
--- Step 5: reporter ---
2026-02-04 19:05:02,582 - reporter - INFO - Generating final report...
2026-02-04 19:05:02,582 - reporter - INFO - Report generated with 10 sections
2026-02-04 19:05:02,584 - reporter - INFO - Memory added: report_generated
2026-02-04 19:05:02,585 - orchestrator - INFO - Step 5 completed successfully
2026-02-04 19:05:02,586 - orchestrator - INFO - Memory added: task_completed
2026-02-04 19:05:02,586 - orchestrator - INFO - === TASK COMPLETED ===
2026-02-04 19:05:02,586 - NEXUS_AI - INFO - 
================================================================================
2026-02-04 19:05:02,586 - NEXUS_AI - INFO - TASK COMPLETED SUCCESSFULLY
2026-02-04 19:05:02,586 - NEXUS_AI - INFO - Execution time: 0.02 seconds
2026-02-04 19:05:02,587 - NEXUS_AI - INFO - ================================================================================

2026-02-04 19:05:02,588 - NEXUS_AI - INFO - Results saved to: /Users/vanshika/Desktop/Hestabit/Launchpad/week9-AgenticAI/NEXUS_AI/logs/nexus_result_20260204_190502.json
2026-02-04 19:05:04,798 - NEXUS_AI - INFO - ================================================================================
2026-02-04 19:05:04,798 - NEXUS_AI - INFO - NEXUS AI SYSTEM STARTED
2026-02-04 19:05:04,798 - NEXUS_AI - INFO - ================================================================================
2026-02-04 19:05:04,799 - NEXUS_AI - INFO - Initializing NEXUS AI agents...
2026-02-04 19:05:04,799 - planner - INFO - Agent planner initialized with role: Strategic planner and task breakdown specialist
2026-02-04 19:05:04,800 - researcher - INFO - Agent researcher initialized with role: Information gathering and research specialist
2026-02-04 19:05:04,801 - coder - INFO - Agent coder initialized with role: Software development and code generation specialist
2026-02-04 19:05:04,802 - analyst - INFO - Agent analyst initialized with role: Data analysis and business intelligence specialist
2026-02-04 19:05:04,803 - critic - INFO - Agent critic initialized with role: Quality reviewer and constructive feedback provider
2026-02-04 19:05:04,806 - optimizer - INFO - Agent optimizer initialized with role: Solution optimization and improvement specialist
2026-02-04 19:05:04,808 - validator - INFO - Agent validator initialized with role: Quality validation and standards compliance checker
2026-02-04 19:05:04,808 - reporter - INFO - Agent reporter initialized with role: Report generation and documentation specialist
2026-02-04 19:05:04,810 - orchestrator - INFO - Agent orchestrator initialized with role: Master coordinator and task delegator
2026-02-04 19:05:04,812 - orchestrator - INFO - Orchestrator ready with 8 agents
2026-02-04 19:05:04,812 - NEXUS_AI - INFO - ✓ All 9 agents initialized successfully
2026-02-04 19:05:05,720 - NEXUS_AI - INFO - ================================================================================
2026-02-04 19:05:05,721 - NEXUS_AI - INFO - NEXUS AI SYSTEM STARTED
2026-02-04 19:05:05,721 - NEXUS_AI - INFO - ================================================================================
2026-02-04 19:05:05,721 - NEXUS_AI - INFO - Initializing NEXUS AI agents...
2026-02-04 19:05:05,721 - planner - INFO - Agent planner initialized with role: Strategic planner and task breakdown specialist
2026-02-04 19:05:05,722 - researcher - INFO - Agent researcher initialized with role: Information gathering and research specialist
2026-02-04 19:05:05,723 - coder - INFO - Agent coder initialized with role: Software development and code generation specialist
2026-02-04 19:05:05,724 - analyst - INFO - Agent analyst initialized with role: Data analysis and business intelligence specialist
2026-02-04 19:05:05,725 - critic - INFO - Agent critic initialized with role: Quality reviewer and constructive feedback provider
2026-02-04 19:05:05,725 - optimizer - INFO - Agent optimizer initialized with role: Solution optimization and improvement specialist
2026-02-04 19:05:05,728 - validator - INFO - Agent validator initialized with role: Quality validation and standards compliance checker
2026-02-04 19:05:05,729 - reporter - INFO - Agent reporter initialized with role: Report generation and documentation specialist
2026-02-04 19:05:05,729 - orchestrator - INFO - Agent orchestrator initialized with role: Master coordinator and task delegator
2026-02-04 19:05:05,730 - orchestrator - INFO - Orchestrator ready with 8 agents
2026-02-04 19:05:05,730 - NEXUS_AI - INFO - ✓ All 9 agents initialized successfully
2026-02-04 19:05:05,732 - NEXUS_AI - INFO - 
================================================================================
2026-02-04 19:05:05,733 - NEXUS_AI - INFO - NEW TASK RECEIVED
2026-02-04 19:05:05,733 - NEXUS_AI - INFO - ================================================================================
2026-02-04 19:05:05,733 - NEXUS_AI - INFO - Task: Analyze CSV & create business strategy

2026-02-04 19:05:05,733 - orchestrator - INFO - === ORCHESTRATOR STARTING TASK ===
2026-02-04 19:05:05,735 - orchestrator - INFO - Task: Analyze CSV & create business strategy
2026-02-04 19:05:05,737 - orchestrator - INFO - Memory added: task_started
2026-02-04 19:05:05,738 - orchestrator - INFO - Creating plan for task: Analyze CSV & create business strategy...
2026-02-04 19:05:05,738 - orchestrator - INFO - Plan created with 7 steps
2026-02-04 19:05:05,739 - orchestrator - INFO - Workflow: planner -> researcher -> analyst -> critic -> optimizer -> validator -> reporter
2026-02-04 19:05:05,739 - orchestrator - INFO - 
--- Step 1: planner ---
2026-02-04 19:05:05,739 - planner - INFO - Planning task: Create detailed plan for: Analyze CSV & create business strategy

Context: {'original_task': 'Analyz...
2026-02-04 19:05:05,740 - planner - INFO - Plan created: 7 steps, complexity: low
2026-02-04 19:05:05,740 - planner - INFO - Memory added: plan_created
2026-02-04 19:05:05,741 - orchestrator - INFO - Step 1 completed successfully
2026-02-04 19:05:05,742 - orchestrator - INFO - 
--- Step 2: researcher ---
2026-02-04 19:05:05,742 - researcher - INFO - Researching: Research relevant information for the task

Context: {'original_task': 'Analyze CSV & create busines...
2026-02-04 19:05:05,743 - researcher - INFO - Research completed: 5 key points found
2026-02-04 19:05:05,743 - researcher - INFO - Memory added: research_completed
2026-02-04 19:05:05,743 - orchestrator - INFO - Step 2 completed successfully
2026-02-04 19:05:05,744 - orchestrator - INFO - 
--- Step 4: analyst ---
2026-02-04 19:05:05,744 - analyst - INFO - Analyzing: Analyze data and provide insights

Context: {'original_task': 'Analyze CSV & create business strateg...
2026-02-04 19:05:05,744 - analyst - INFO - Analysis completed: 5 insights, 5 recommendations
2026-02-04 19:05:05,745 - analyst - INFO - Memory added: analysis_completed
2026-02-04 19:05:05,745 - orchestrator - INFO - Step 4 completed successfully
2026-02-04 19:05:05,746 - orchestrator - INFO - 
--- Step 4: critic ---
2026-02-04 19:05:05,746 - critic - INFO - Reviewing work...
2026-02-04 19:05:05,747 - critic - INFO - Review completed: Quality=good, Avg Score=7.6/10
2026-02-04 19:05:05,748 - critic - INFO - Memory added: review_completed
2026-02-04 19:05:05,748 - orchestrator - INFO - Step 4 completed successfully
2026-02-04 19:05:05,748 - orchestrator - INFO - 
--- Step 5: optimizer ---
2026-02-04 19:05:05,749 - optimizer - INFO - Optimizing solution...
2026-02-04 19:05:05,749 - optimizer - INFO - Optimization completed: 5 improvements identified
2026-02-04 19:05:05,750 - optimizer - INFO - Memory added: optimization_completed
2026-02-04 19:05:05,750 - orchestrator - INFO - Step 5 completed successfully
2026-02-04 19:05:05,751 - orchestrator - INFO - 
--- Step 6: validator ---
2026-02-04 19:05:05,752 - validator - INFO - Validating solution...
2026-02-04 19:05:05,752 - validator - INFO - Validation completed: 6/7 checks passed, Status: approved_with_conditions
2026-02-04 19:05:05,752 - validator - INFO - Memory added: validation_completed
2026-02-04 19:05:05,753 - orchestrator - INFO - Step 6 completed successfully
2026-02-04 19:05:05,753 - orchestrator - INFO - 
--- Step 7: reporter ---
2026-02-04 19:05:05,753 - reporter - INFO - Generating final report...
2026-02-04 19:05:05,754 - reporter - INFO - Report generated with 10 sections
2026-02-04 19:05:05,754 - reporter - INFO - Memory added: report_generated
2026-02-04 19:05:05,754 - orchestrator - INFO - Step 7 completed successfully
2026-02-04 19:05:05,755 - orchestrator - INFO - Memory added: task_completed
2026-02-04 19:05:05,755 - orchestrator - INFO - === TASK COMPLETED ===
2026-02-04 19:05:05,755 - NEXUS_AI - INFO - 
================================================================================
2026-02-04 19:05:05,755 - NEXUS_AI - INFO - TASK COMPLETED SUCCESSFULLY
2026-02-04 19:05:05,755 - NEXUS_AI - INFO - Execution time: 0.02 seconds
2026-02-04 19:05:05,755 - NEXUS_AI - INFO - ================================================================================

2026-02-04 19:05:05,759 - NEXUS_AI - INFO - Results saved to: /Users/vanshika/Desktop/Hestabit/Launchpad/week9-AgenticAI/NEXUS_AI/logs/nexus_result_20260204_190505.json
